// Jest Snapshot v1, https://goo.gl/fbAQLP

exports[`UI and rendering matches snapshot 1`] = `
<div
  className="cart"
>
  <h1
    className="headline"
  >
    Your Cart
  </h1>
  <table
    className="table"
  >
    <thead>
      <tr>
        <th
          className="call"
        >
          Item
        </th>
        <th
          className="call"
        >
          Price
        </th>
        <th
          className="call"
        >
          Qty
        </th>
        <th
          className="call"
        />
      </tr>
    </thead>
    <tbody>
      <tr>
        <td
          className="cell"
        >
          A
        </td>
        <td
          className="cell"
        >
          $1.00
        </td>
        <td
          className="cell"
        >
          1
        </td>
        <td
          className="cell"
        >
          <button
            data-test-name="remove-item"
            onClick={[Function]}
          >
            Remove
          </button>
        </td>
      </tr>
      <tr>
        <td
          className="cell"
        >
          B
        </td>
        <td
          className="cell"
        >
          $1.50
        </td>
        <td
          className="cell"
        >
          2
        </td>
        <td
          className="cell"
        >
          <button
            data-test-name="remove-item"
            onClick={[Function]}
          >
            Remove
          </button>
        </td>
      </tr>
      <tr>
        <td
          className="cell"
        >
          C
        </td>
        <td
          className="cell"
        >
          $2.00
        </td>
        <td
          className="cell"
        >
          3
        </td>
        <td
          className="cell"
        >
          <button
            data-test-name="remove-item"
            onClick={[Function]}
          >
            Remove
          </button>
        </td>
      </tr>
    </tbody>
  </table>
  <p>
    Total: 
    $10.00
  </p>
  <div>
    <button>
      Clear
    </button>
    <button>
      Close
    </button>
  </div>
</div>
`;
